Component: ARM Compiler 6.14.1 Tool: armlink [5db06d00]

==============================================================================

Section Cross References

    lab1.o(RESET) refers to lab1.o(STACK) for __initial_sp
    lab1.o(RESET) refers to lab1.o(.text) for Reset_Handler


==============================================================================

Image Symbol Table

    Local Symbols

    Symbol Name                              Value     Ov Type        Size  Object(Section)

    lab1.s                                   0x00000000   Number         0  lab1.o ABSOLUTE
    RESET                                    0x08000000   Section       16  lab1.o(RESET)
    .text                                    0x08000010   Section       24  lab1.o(.text)
    STACK                                    0x20000000   Section    16384  lab1.o(STACK)
    __initial_sp                             0x20004000   Data           0  lab1.o(STACK)

    Global Symbols

    Symbol Name                              Value     Ov Type        Size  Object(Section)

    BuildAttributes$$THM_ISAv3M$S$A:L22$X:L11$S22$IEEE1$~IW$USESV6$~STKCKD$USESV7$~SHL$OSPACE$EBA8$STANDARDLIB$PRES8$EABIv2 0x00000000   Number         0  anon$$obj.o ABSOLUTE
    __Vectors                                0x08000000   Data           0  lab1.o(RESET)
    NMI_Handler                              0x08000011   Thumb Code     2  lab1.o(.text)
    HardFault_Handler                        0x08000013   Thumb Code     2  lab1.o(.text)
    Reset_Handler                            0x08000015   Thumb Code    12  lab1.o(.text)



==============================================================================

Memory Map of the image

  Image Entry point : 0x08000015

  Load Region LR_1 (Base: 0x08000000, Size: 0x00000028, Max: 0xffffffff, ABSOLUTE)

    Execution Region ER_RO (Exec base: 0x08000000, Load base: 0x08000000, Size: 0x00000028, Max: 0xffffffff, ABSOLUTE)

    Exec Addr    Load Addr    Size         Type   Attr      Idx    E Section Name        Object

    0x08000000   0x08000000   0x00000010   Data   RO            2    RESET               lab1.o
    0x08000010   0x08000010   0x00000018   Code   RO            3  * .text               lab1.o


    Execution Region ER_RW (Exec base: 0x20000000, Load base: 0x08000028, Size: 0x00000000, Max: 0xffffffff, ABSOLUTE)

    **** No section assigned to this execution region ****


    Execution Region ER_ZI (Exec base: 0x20000000, Load base: 0x08000028, Size: 0x00004000, Max: 0xffffffff, ABSOLUTE)

    Exec Addr    Load Addr    Size         Type   Attr      Idx    E Section Name        Object

    0x20000000        -       0x00004000   Zero   RW            1    STACK               lab1.o


==============================================================================

Image component sizes


      Code (inc. data)   RO Data    RW Data    ZI Data      Debug   Object Name

        24          8         16          0      16384        400   lab1.o

    ----------------------------------------------------------------------
        24          8         16          0      16384        400   Object Totals
         0          0          0          0          0          0   (incl. Generated)
         0          0          0          0          0          0   (incl. Padding)

    ----------------------------------------------------------------------
         0          0          0          0          0          0   Library Totals
         0          0          0          0          0          0   (incl. Padding)

    ----------------------------------------------------------------------

==============================================================================


      Code (inc. data)   RO Data    RW Data    ZI Data      Debug   

        24          8         16          0      16384        400   Grand Totals
        24          8         16          0      16384        400   ELF Image Totals
        24          8         16          0          0          0   ROM Totals

==============================================================================

    Total RO  Size (Code + RO Data)                   40 (   0.04kB)
    Total RW  Size (RW Data + ZI Data)             16384 (  16.00kB)
    Total ROM Size (Code + RO Data + RW Data)         40 (   0.04kB)

==============================================================================

